// Jest Snapshot v1, https://goo.gl/fbAQLP

exports[`App should match the snapshot 1`] = `
<div
  className="app"
>
  <SearchForm
    search={[Function]}
  />
  <div
    className="selectedNews"
  >
    <Menu
      selectTopic={[Function]}
    />
  </div>
</div>
`;
